// Jest Snapshot v1, https://goo.gl/fbAQLP

exports[`Save-Country-Question Should render the confirmation dialog 1`] = `
<body>
  <div
    id="root0"
  >
    <p-confirmdialog
      class="p-element"
      key="confirm-save-country"
      message="Do you want to save the country?"
    >
      <div
        class="p-dialog-mask p-component-overlay p-dialog-mask-scrollblocker"
      >
        <div
          class="ng-trigger ng-trigger-animation p-dialog p-confirm-dialog p-component ng-animating"
          style=""
        >
          
          <div
            class="p-dialog-header"
            style=""
          >
            
            <div
              class="p-dialog-header-icons"
            >
              <button
                class="p-dialog-header-icon p-dialog-header-close p-link"
                type="button"
              >
                <span
                  class="pi pi-times"
                />
              </button>
              
            </div>
          </div>
          
          <div
            class="p-dialog-content"
          >
            
            <span
              class="p-confirm-dialog-message"
            >
              Do you want to save the country?
            </span>
          </div>
          
          <div
            class="p-dialog-footer"
            style=""
          >
            <button
              class="p-element p-ripple p-confirm-dialog-reject p-button p-component"
              pbutton=""
              pripple=""
              type="button"
            >
              <span
                aria-hidden="true"
                class="p-button-icon p-button-icon-left pi pi-times"
              />
              <span
                class="p-button-label"
              >
                No
              </span>
            </button>
            
            <button
              class="p-element p-ripple p-confirm-dialog-accept p-button p-component"
              pbutton=""
              pripple=""
              type="button"
            >
              <span
                aria-hidden="true"
                class="p-button-icon p-button-icon-left pi pi-check"
              />
              <span
                class="p-button-label"
              >
                Yes
              </span>
            </button>
            
          </div>
          
        </div>
        
      </div>
      
    </p-confirmdialog>
  </div>
</body>
`;
